// Vitest Snapshot v1, https://vitest.dev/guide/snapshot.html

exports[`Modal Component > Rendering > does not render when closed 1`] = `<div />`;

exports[`Modal Component > Rendering > renders when open 1`] = `
<div>
  <div
    aria-labelledby="modal-title"
    aria-modal="true"
    class="fixed inset-0 bg-black/50 flex items-center justify-center z-50 p-4 pointer-events-auto overflow-hidden"
    data-testid="modal-overlay"
    role="dialog"
    tabindex="-1"
  >
    <div
      class="relative w-full max-w-[90vw] md:max-w-2xl lg:max-w-3xl h-[70vh] md:h-[60vh] lg:h-[50vh] 
          flex flex-col bg-base-100 rounded-lg shadow-xl 
          transition-all duration-300 
          p-4 sm:p-6 lg:p-8 "
      data-testid="modal-content"
      tabindex="-1"
    >
      <div
        class="p-4 border-b border-base-300 flex justify-between items-center"
      >
        <h2
          class="text-xl sm:text-2xl font-semibold text-center flex-grow"
          id="modal-title"
        >
          Test Modal
        </h2>
        <div
          class="w-6 h-6"
        />
      </div>
      <div
        aria-label="Modal content"
        class="p-6 pb-10 flex-grow overflow-y-auto relative scroll-smooth
            "
        role="region"
        tabindex="0"
      >
        <div>
          Test Content
        </div>
      </div>
      <div
        class="p-4 border-t border-base-300 flex justify-end space-x-2"
      >
        <button
          aria-label="Close modal"
          class="btn btn-sm"
        >
          Close
        </button>
      </div>
    </div>
  </div>
</div>
`;
