// Vitest Snapshot v1, https://vitest.dev/guide/snapshot.html

exports[`ThemeController > Accessibility > respects user preferences > desktop 1`] = `
<div>
  <button
    aria-checked="false"
    aria-label="Switch theme to dark mode"
    class="
        inline-flex items-center justify-center rounded-full
        hover:bg-base-200 focus:outline-none focus:ring-2
        focus:ring-offset-2 focus:ring-info
        p-2
        
      "
    data-testid="theme-switch-light"
    data-theme-controller="true"
    role="switch"
    title="Light theme"
  >
    <div
      class="flex items-center justify-center relative"
    >
      <svg
        aria-hidden="true"
        class="text-content w-5 h-5 transition-transform duration-200 animate-rotate-sun"
        fill="currentColor"
        height="1em"
        stroke="currentColor"
        stroke-width="0"
        viewBox="0 0 512 512"
        width="1em"
        xmlns="http://www.w3.org/2000/svg"
      >
        <path
          d="M256 160c-52.9 0-96 43.1-96 96s43.1 96 96 96 96-43.1 96-96-43.1-96-96-96zm246.4 80.5l-94.7-47.3 33.5-100.4c4.5-13.6-8.4-26.5-21.9-21.9l-100.4 33.5-47.4-94.8c-6.4-12.8-24.6-12.8-31 0l-47.3 94.7L92.7 70.8c-13.6-4.5-26.5 8.4-21.9 21.9l33.5 100.4-94.7 47.4c-12.8 6.4-12.8 24.6 0 31l94.7 47.3-33.5 100.5c-4.5 13.6 8.4 26.5 21.9 21.9l100.4-33.5 47.3 94.7c6.4 12.8 24.6 12.8 31 0l47.3-94.7 100.4 33.5c13.6 4.5 26.5-8.4 21.9-21.9l-33.5-100.4 94.7-47.3c13-6.5 13-24.7.2-31.1zm-155.9 106c-49.9 49.9-131.1 49.9-181 0-49.9-49.9-49.9-131.1 0-181 49.9-49.9 131.1-49.9 181 0 49.9 49.9 49.9 131.1 0 181z"
        />
      </svg>
    </div>
  </button>
</div>
`;

exports[`ThemeController > Accessibility > respects user preferences > mobile 1`] = `
<div>
  <button
    aria-checked="false"
    aria-label="Switch theme to dark mode"
    class="
        inline-flex items-center justify-center rounded-full
        hover:bg-base-200 focus:outline-none focus:ring-2
        focus:ring-offset-2 focus:ring-info
        p-2
        
      "
    data-testid="theme-switch-light"
    data-theme-controller="true"
    role="switch"
    title="Light theme"
  >
    <div
      class="flex items-center justify-center relative"
    >
      <svg
        aria-hidden="true"
        class="text-content w-5 h-5 transition-transform duration-200 animate-rotate-sun"
        fill="currentColor"
        height="1em"
        stroke="currentColor"
        stroke-width="0"
        viewBox="0 0 512 512"
        width="1em"
        xmlns="http://www.w3.org/2000/svg"
      >
        <path
          d="M256 160c-52.9 0-96 43.1-96 96s43.1 96 96 96 96-43.1 96-96-43.1-96-96-96zm246.4 80.5l-94.7-47.3 33.5-100.4c4.5-13.6-8.4-26.5-21.9-21.9l-100.4 33.5-47.4-94.8c-6.4-12.8-24.6-12.8-31 0l-47.3 94.7L92.7 70.8c-13.6-4.5-26.5 8.4-21.9 21.9l33.5 100.4-94.7 47.4c-12.8 6.4-12.8 24.6 0 31l94.7 47.3-33.5 100.5c-4.5 13.6 8.4 26.5 21.9 21.9l100.4-33.5 47.3 94.7c6.4 12.8 24.6 12.8 31 0l47.3-94.7 100.4 33.5c13.6 4.5 26.5-8.4 21.9-21.9l-33.5-100.4 94.7-47.3c13-6.5 13-24.7.2-31.1zm-155.9 106c-49.9 49.9-131.1 49.9-181 0-49.9-49.9-49.9-131.1 0-181 49.9-49.9 131.1-49.9 181 0 49.9 49.9 49.9 131.1 0 181z"
        />
      </svg>
    </div>
  </button>
</div>
`;

exports[`ThemeController > Accessibility > respects user preferences > reduced-motion 1`] = `
<div>
  <button
    aria-checked="false"
    aria-label="Switch theme to dark mode"
    class="
        inline-flex items-center justify-center rounded-full
        hover:bg-base-200 focus:outline-none focus:ring-2
        focus:ring-offset-2 focus:ring-info
        p-2
        
      "
    data-testid="theme-switch-light"
    data-theme-controller="true"
    role="switch"
    title="Light theme"
  >
    <div
      class="flex items-center justify-center relative"
    >
      <svg
        aria-hidden="true"
        class="text-content w-5 h-5 transition-transform duration-200 "
        fill="currentColor"
        height="1em"
        stroke="currentColor"
        stroke-width="0"
        viewBox="0 0 512 512"
        width="1em"
        xmlns="http://www.w3.org/2000/svg"
      >
        <path
          d="M256 160c-52.9 0-96 43.1-96 96s43.1 96 96 96 96-43.1 96-96-43.1-96-96-96zm246.4 80.5l-94.7-47.3 33.5-100.4c4.5-13.6-8.4-26.5-21.9-21.9l-100.4 33.5-47.4-94.8c-6.4-12.8-24.6-12.8-31 0l-47.3 94.7L92.7 70.8c-13.6-4.5-26.5 8.4-21.9 21.9l33.5 100.4-94.7 47.4c-12.8 6.4-12.8 24.6 0 31l94.7 47.3-33.5 100.5c-4.5 13.6 8.4 26.5 21.9 21.9l100.4-33.5 47.3 94.7c6.4 12.8 24.6 12.8 31 0l47.3-94.7 100.4 33.5c13.6 4.5 26.5-8.4 21.9-21.9l-33.5-100.4 94.7-47.3c13-6.5 13-24.7.2-31.1zm-155.9 106c-49.9 49.9-131.1 49.9-181 0-49.9-49.9-49.9-131.1 0-181 49.9-49.9 131.1-49.9 181 0 49.9 49.9 49.9 131.1 0 181z"
        />
      </svg>
    </div>
  </button>
</div>
`;
