// Vitest Snapshot v1, https://vitest.dev/guide/snapshot.html

exports[`CareerTimelineItem > Interactions > remains visible at different viewport sizes 1`] = `
<li
  data-testid="timeline-item-snapshot"
  role="listitem"
  tabindex="0"
>
  <div
    class="timeline-middle"
  >
    <svg
      aria-hidden="true"
      class="h-5 w-5"
      data-testid="decorative-icon"
      fill="currentColor"
      viewBox="0 0 20 20"
      xmlns="http://www.w3.org/2000/svg"
    >
      <path
        clip-rule="evenodd"
        d="M10 18a8 8 0 100-16 8 8 0 000 16zm3.857-9.809a.75.75 0 00-1.214-.882l-3.483 4.79-1.88-1.88a.75.75 0 10-1.06 1.061l2.5 2.5a.75.75 0 001.137-.089l4-5.5z"
        fill-rule="evenodd"
      />
    </svg>
  </div>
  <div
    class="timeline-start mb-10 md:text-end"
  >
    <time
      class="font-mono italic"
    >
      2024
    </time>
    <h3
      class="text-lg font-black"
    >
      Test Title
    </h3>
    <p
      role="article"
    >
      Test Description
    </p>
  </div>
  <hr />
</li>
`;
