// Vitest Snapshot v1, https://vitest.dev/guide/snapshot.html

exports[`AboutThisSite > Accessibility > has proper accessibility attributes 1`] = `
<div>
  <main
    aria-label="About This Site Section"
    class="flex flex-col items-center justify-center w-full p-6"
  >
    <section
      aria-labelledby="about-this-site-heading"
      class="w-full max-w-3xl text-center mb-10 pt-4"
    >
      <h1
        class="text-4xl font-bold mb-4"
        id="about-this-site-heading"
      >
        About This Site
      </h1>
    </section>
    <section
      class="w-full max-w-5xl mb-10 p-6 bg-base-100 rounded-lg shadow-lg"
    >
      <h2
        class="text-2xl font-semibold mb-6 text-center"
      >
        Technologies Used
      </h2>
      <div
        class="grid grid-cols-2 sm:grid-cols-3 gap-6"
      >
        <div
          aria-label="Learn more about React"
          data-testid="technology-card"
          role="link"
        >
          React
        </div>
        <div
          aria-label="Learn more about TypeScript"
          data-testid="technology-card"
          role="link"
        >
          TypeScript
        </div>
        <div
          aria-label="Learn more about Tailwind CSS & DaisyUI"
          data-testid="technology-card"
          role="link"
        >
          Tailwind CSS & DaisyUI
        </div>
        <div
          aria-label="Learn more about GitHub Pages"
          data-testid="technology-card"
          role="link"
        >
          GitHub Pages
        </div>
        <div
          aria-label="Learn more about Vite"
          data-testid="technology-card"
          role="link"
        >
          Vite
        </div>
      </div>
    </section>
    <section
      class="w-full max-w-5xl mb-10 p-6 bg-base-100 rounded-lg shadow-lg"
    >
      <h2
        class="text-2xl font-semibold mb-6 text-center"
      >
        Site Features
      </h2>
      <div
        class="grid grid-cols-1 md:grid-cols-2 lg:grid-cols-3 gap-8"
      >
        <div
          class="flex flex-col items-center"
        >
          <svg
            aria-hidden="true"
            class="text-4xl text-error mb-4"
            fill="currentColor"
            height="1em"
            stroke="currentColor"
            stroke-width="0"
            viewBox="0 0 512 512"
            width="1em"
            xmlns="http://www.w3.org/2000/svg"
          >
            <path
              d="M511.988 288.9c-.478 17.43-15.217 31.1-32.653 31.1H424v16c0 21.864-4.882 42.584-13.6 61.145l60.228 60.228c12.496 12.497 12.496 32.758 0 45.255-12.498 12.497-32.759 12.496-45.256 0l-54.736-54.736C345.886 467.965 314.351 480 280 480V236c0-6.627-5.373-12-12-12h-24c-6.627 0-12 5.373-12 12v244c-34.351 0-65.886-12.035-90.636-32.108l-54.736 54.736c-12.498 12.497-32.759 12.496-45.256 0-12.496-12.497-12.496-32.758 0-45.255l60.228-60.228C92.882 378.584 88 357.864 88 336v-16H32.666C15.23 320 .491 306.33.013 288.9-.484 270.816 14.028 256 32 256h56v-58.745l-46.628-46.628c-12.496-12.497-12.496-32.758 0-45.255 12.498-12.497 32.758-12.497 45.256 0L141.255 160h229.489l54.627-54.627c12.498-12.497 32.758-12.497 45.256 0 12.496 12.497 12.496 32.758 0 45.255L424 197.255V256h56c17.972 0 32.484 14.816 31.988 32.9zM257 0c-61.856 0-112 50.144-112 112h224C369 50.144 318.856 0 257 0z"
            />
          </svg>
          <h3
            class="font-semibold mb-2"
          >
            Error Handling
          </h3>
          <button
            aria-label="Learn more about Error Handling"
            class="btn btn-sm mt-4"
            data-testid="learn-more-error-handling"
          >
            Learn More
          </button>
        </div>
        <div
          class="flex flex-col items-center"
        >
          <svg
            aria-hidden="true"
            class="text-4xl text-warning mb-4"
            fill="currentColor"
            height="1em"
            stroke="currentColor"
            stroke-width="0"
            viewBox="0 0 496 512"
            width="1em"
            xmlns="http://www.w3.org/2000/svg"
          >
            <path
              d="M248 8C111 8 0 119 0 256s111 248 248 248 248-111 248-248S385 8 248 8zm24 199.4c3.3-42.1 32.2-71.4 56-71.4s52.7 29.3 56 71.4c.7 8.6-10.8 11.9-14.9 4.5l-9.5-17c-7.7-13.7-19.2-21.6-31.5-21.6s-23.8 7.9-31.5 21.6l-9.5 17c-4.2 7.4-15.8 4.1-15.1-4.5zm-160 0c3.3-42.1 32.2-71.4 56-71.4s52.7 29.3 56 71.4c.7 8.6-10.8 11.9-14.9 4.5l-9.5-17c-7.7-13.7-19.2-21.6-31.5-21.6s-23.8 7.9-31.5 21.6l-9.5 17c-4.3 7.4-15.8 4-15.1-4.5zM398.9 306C390 377 329.4 432 256 432h-16c-73.4 0-134-55-142.9-126-1.2-9.5 6.3-18 15.9-18h270c9.6 0 17.1 8.4 15.9 18z"
            />
          </svg>
          <h3
            class="font-semibold mb-2"
          >
            Entertaining 404 Page
          </h3>
          <button
            aria-label="Learn more about Entertaining 404 Page"
            class="btn btn-sm mt-4"
            data-testid="learn-more-entertaining-404"
          >
            Learn More
          </button>
        </div>
        <div
          class="flex flex-col items-center"
        >
          <svg
            aria-hidden="true"
            class="text-4xl text-content mb-4"
            fill="currentColor"
            height="1em"
            stroke="currentColor"
            stroke-width="0"
            viewBox="0 0 512 512"
            width="1em"
            xmlns="http://www.w3.org/2000/svg"
          >
            <path
              d="M507.73 109.1c-2.24-9.03-13.54-12.09-20.12-5.51l-74.36 74.36-67.88-11.31-11.31-67.88 74.36-74.36c6.62-6.62 3.43-17.9-5.66-20.16-47.38-11.74-99.55.91-136.58 37.93-39.64 39.64-50.55 97.1-34.05 147.2L18.74 402.76c-24.99 24.99-24.99 65.51 0 90.5 24.99 24.99 65.51 24.99 90.5 0l213.21-213.21c50.12 16.71 107.47 5.68 147.37-34.22 37.07-37.07 49.7-89.32 37.91-136.73zM64 472c-13.25 0-24-10.75-24-24 0-13.26 10.75-24 24-24s24 10.74 24 24c0 13.25-10.75 24-24 24z"
            />
          </svg>
          <h3
            class="font-semibold mb-2"
          >
            Coming Soon
          </h3>
          <button
            aria-label="Learn more about Coming Soon"
            class="btn btn-sm mt-4"
            data-testid="learn-more-coming-soon"
            disabled=""
          >
            Under Construction
          </button>
        </div>
      </div>
    </section>
    <section
      class="flex justify-center items-center mt-6 mb-12"
    >
      <button
        aria-label="View the source code on GitHub"
        class="btn btn-primary inline-flex items-center"
      >
        <svg
          aria-hidden="true"
          class="mr-2"
          fill="currentColor"
          height="1em"
          stroke="currentColor"
          stroke-width="0"
          viewBox="0 0 496 512"
          width="1em"
          xmlns="http://www.w3.org/2000/svg"
        >
          <path
            d="M165.9 397.4c0 2-2.3 3.6-5.2 3.6-3.3.3-5.6-1.3-5.6-3.6 0-2 2.3-3.6 5.2-3.6 3-.3 5.6 1.3 5.6 3.6zm-31.1-4.5c-.7 2 1.3 4.3 4.3 4.9 2.6 1 5.6 0 6.2-2s-1.3-4.3-4.3-5.2c-2.6-.7-5.5.3-6.2 2.3zm44.2-1.7c-2.9.7-4.9 2.6-4.6 4.9.3 2 2.9 3.3 5.9 2.6 2.9-.7 4.9-2.6 4.6-4.6-.3-1.9-3-3.2-5.9-2.9zM244.8 8C106.1 8 0 113.3 0 252c0 110.9 69.8 205.8 169.5 239.2 12.8 2.3 17.3-5.6 17.3-12.1 0-6.2-.3-40.4-.3-61.4 0 0-70 15-84.7-29.8 0 0-11.4-29.1-27.8-36.6 0 0-22.9-15.7 1.6-15.4 0 0 24.9 2 38.6 25.8 21.9 38.6 58.6 27.5 72.9 20.9 2.3-16 8.8-27.1 16-33.7-55.9-6.2-112.3-14.3-112.3-110.5 0-27.5 7.6-41.3 23.6-58.9-2.6-6.5-11.1-33.3 2.6-67.9 20.9-6.5 69 27 69 27 20-5.6 41.5-8.5 62.8-8.5s42.8 2.9 62.8 8.5c0 0 48.1-33.6 69-27 13.7 34.7 5.2 61.4 2.6 67.9 16 17.7 25.8 31.5 25.8 58.9 0 96.5-58.9 104.2-114.8 110.5 9.2 7.9 17 22.9 17 46.4 0 33.7-.3 75.4-.3 83.6 0 6.5 4.6 14.4 17.3 12.1C428.2 457.8 496 362.9 496 252 496 113.3 383.5 8 244.8 8zM97.2 352.9c-1.3 1-1 3.3.7 5.2 1.6 1.6 3.9 2.3 5.2 1 1.3-1 1-3.3-.7-5.2-1.6-1.6-3.9-2.3-5.2-1zm-10.8-8.1c-.7 1.3.3 2.9 2.3 3.9 1.6 1 3.6.7 4.3-.7.7-1.3-.3-2.9-2.3-3.9-2-.6-3.6-.3-4.3.7zm32.4 35.6c-1.6 1.3-1 4.3 1.3 6.2 2.3 2.3 5.2 2.6 6.5 1 1.3-1.3.7-4.3-1.3-6.2-2.2-2.3-5.2-2.6-6.5-1zm-11.4-14.7c-1.6 1-1.6 3.6 0 5.9 1.6 2.3 4.3 3.3 5.6 2.3 1.6-1.3 1.6-3.9 0-6.2-1.4-2.3-4-3.3-5.6-2z"
          />
        </svg>
        View Source Code
      </button>
    </section>
  </main>
</div>
`;
